// Jest Snapshot v1, https://goo.gl/fbAQLP

exports[`Pruebas en <Cotizacion /> debe mostrar <Cotizacion /> correctamente 1`] = `
<ContextProvider
  value={
    Object {
      "criptomoneda": "",
      "datacripto": Array [],
      "fGetDatacripto": [Function],
      "fSaveCripto": [Function],
      "loadstate": true,
    }
  }
>
  <CotizacionState>
    <Cotizacion />
  </CotizacionState>
</ContextProvider>
`;
